// Vitest Snapshot v1, https://vitest.dev/guide/snapshot.html

exports[`RootResolver > addWebInputs > should add to the DB and omit any url query when storing the url 1`] = `
{
  "addedByUserId": "0fff9a02-7a89-487e-86a9-1d4c796e517f",
  "domOrdinal": 0,
  "domPath": "body",
  "host": "google.com",
  "kind": "PASSWORD",
  "layoutType": null,
  "url": "https://google.com",
}
`;
