// Jest Snapshot v1, https://goo.gl/fbAQLP

exports[`Home component renders 1`] = `
<RNCSafeAreaProvider
  onInsetsChange={[Function]}
  style={
    Array [
      Object {
        "flex": 1,
      },
      undefined,
    ]
  }
>
  <View
    flex={1}
    style={
      Array [
        Object {
          "flexBasis": 0,
          "flexGrow": 1,
          "flexShrink": 1,
        },
      ]
    }
  >
    <Text
      color="muted.700"
      fontSize="md"
      fontStyle="normal"
      fontWeight={400}
      style={
        Array [
          Object {
            "color": "#404040",
            "fontSize": 16,
            "fontStyle": "normal",
            "fontWeight": "400",
          },
        ]
      }
    >
      notification here
    </Text>
    <RCTScrollView
      disableVirtualization={false}
      getItem={[Function]}
      getItemCount={[Function]}
      horizontal={false}
      initialNumToRender={10}
      keyExtractor={[Function]}
      maxToRenderPerBatch={10}
      onContentSizeChange={[Function]}
      onEndReachedThreshold={2}
      onLayout={[Function]}
      onMomentumScrollEnd={[Function]}
      onRefresh={[Function]}
      onScroll={[Function]}
      onScrollBeginDrag={[Function]}
      onScrollEndDrag={[Function]}
      refreshControl={
        <RefreshControlMock
          onRefresh={[Function]}
          refreshing={false}
        />
      }
      refreshing={false}
      removeClippedSubviews={false}
      renderItem={[Function]}
      scrollEventThrottle={50}
      stickyHeaderIndices={Array []}
      style={
        Array [
          Object {},
        ]
      }
      updateCellsBatchingPeriod={50}
      viewabilityConfigCallbackPairs={Array []}
      windowSize={21}
    >
      <RCTRefreshControl />
      <View />
    </RCTScrollView>
  </View>
</RNCSafeAreaProvider>
`;
